// Vitest Snapshot v1, https://vitest.dev/guide/snapshot.html

exports[`rewrite button styles 1`] = `
"////
/// @group components/button
////

/// Button component background colour
///
/// @type Colour
/// @access public

$nhsuk-button-background-colour: nhsuk-colour("green") !default;

/// Button component text colour
///
/// @type Colour
/// @access public

$nhsuk-button-text-colour: nhsuk-colour("white") !default;

/// Inverted button component background colour
///
/// @type Colour
/// @access public

$nhsuk-inverse-button-background-colour: nhsuk-colour("white") !default;

/// Inverted button component text colour
///
/// @type Colour
/// @access public

$nhsuk-inverse-button-text-colour: $nhsuk-brand-colour !default;

@include nhsuk-exports("nhsuk/component/button") {
  $nhsuk-button-colour: $nhsuk-button-background-colour;
  $nhsuk-button-text-colour: $nhsuk-button-text-colour;
  $nhsuk-button-hover-colour: nhsuk-shade($nhsuk-button-colour, 20%);
  $nhsuk-button-shadow-colour: nhsuk-shade($nhsuk-button-colour, 60%);

  // Secondary button variables
  $nhsuk-secondary-button-colour: nhsuk-colour("light-grey");
  $nhsuk-secondary-button-text-colour: nhsuk-colour("black");
  $nhsuk-secondary-button-hover-colour: nhsuk-shade($nhsuk-secondary-button-colour, 10%);
  $nhsuk-secondary-button-shadow-colour: nhsuk-shade($nhsuk-secondary-button-colour, 40%);

  // Inverse button variables
  $nhsuk-inverse-button-colour: $nhsuk-inverse-button-background-colour;
  $nhsuk-inverse-button-text-colour: $nhsuk-inverse-button-text-colour;
  $nhsuk-inverse-button-hover-colour: nhsuk-tint($nhsuk-inverse-button-text-colour, 90%);
  $nhsuk-inverse-button-shadow-colour: nhsuk-shade($nhsuk-inverse-button-text-colour, 30%);

  // Because the shadow (s0) is visually 'part of' the button, we need to reduce
  // the height of the button to compensate by adjusting its padding (s1) and
  // increase the bottom margin to include it (s2).
  $button-shadow-size: 4px !default;

  .nhsuk-button {
    @include nhsuk-font($size: 19);

    box-sizing: border-box;
    display: inline-block;
    position: relative;
    width: auto;
    margin-top: 0;
    @include nhsuk-responsive-margin(6, "bottom", $adjustment: $button-shadow-size); // s2
    padding: 12px nhsuk-spacing(3); // s1
    border: $nhsuk-border-width-form-element solid transparent;
    border-radius: 4px;
    color: $nhsuk-button-text-colour;
    font-weight: 600;
    background-color: $nhsuk-button-colour;
    box-shadow: 0 $button-shadow-size 0 $nhsuk-button-shadow-colour; // s0
    text-align: center;
    vertical-align: top;
    cursor: pointer;
    -webkit-appearance: none;

    @include nhsuk-media-query($until: tablet) {

      padding: nhsuk-spacing(2) nhsuk-spacing(3); /* s2 */
    }

    @include nhsuk-media-query($from: tablet) {
      width: auto;
    }

    // Ensure that any global link styles are overridden
    &:link,
    &:visited,
    &:active,
    &:hover {
      color: $nhsuk-button-text-colour;
      text-decoration: none;
    }

    // Fix unwanted button padding in Firefox
    &::-moz-focus-inner {
      padding: 12px nhsuk-spacing(3);
      border: 0;
    }

    &:hover {
      background-color: $nhsuk-button-hover-colour;
    }

    &:active {
      // Bump the button down so it looks like its being pressed in
      top: $button-shadow-size;
    }

    &:focus {
      border-color: $nhsuk-focus-colour;
      outline: $nhsuk-focus-width solid transparent;
      box-shadow: inset 0 0 0 1px $nhsuk-focus-colour;
    }

    &:focus:not(:active):not(:hover) {
      border-color: $nhsuk-focus-colour;
      color: $nhsuk-focus-text-colour;
      font-weight: 600;
      background-color: $nhsuk-focus-colour;
      box-shadow: 0 $button-shadow-size 0 $nhsuk-focus-text-colour;
    }

    // The following adjustments do not work for <input type="button"> as
    // non-container elements cannot include pseudo elements (i.e. ::before).

    // Use a pseudo element to expand the click target area to include the
    // button's shadow as well, in case users try to click it.
    &::before {
      content: "";
      display: block;

      position: absolute;

      top: -$nhsuk-border-width-form-element;
      right: -$nhsuk-border-width-form-element;
      bottom: -($nhsuk-border-width-form-element + $button-shadow-size);
      left: -$nhsuk-border-width-form-element;

      background: transparent;
    }

    // When the button is active it is shifted down by $button-shadow-size to
    // denote a 'pressed' state. If the user happened to click at the very top
    // of the button, their mouse is no longer over the button (because it has
    // 'moved beneath them') and so the click event is not fired.
    //
    // This corrects that by shifting the top of the pseudo element so that it
    // continues to cover the area that the user originally clicked, which means
    // the click event is still fired.
    //
    // ðŸŽ‰
    &:active::before {
      top: -($nhsuk-border-width-form-element + $button-shadow-size);
    }
  }

  .nhsuk-button[disabled] {
    opacity: (0.5);

    &:hover {
      background-color: $nhsuk-button-colour;
      cursor: not-allowed;
    }

    &:active {
      top: 0;
      box-shadow: 0 $button-shadow-size 0 $nhsuk-button-shadow-colour; // s0
    }
  }

  .nhsuk-button--secondary {
    background-color: $nhsuk-secondary-button-colour;
    box-shadow: 0 $button-shadow-size 0 $nhsuk-secondary-button-shadow-colour;

    &,
    &:link,
    &:visited,
    &:active,
    &:hover {
      color: $nhsuk-secondary-button-text-colour;
    }

    &:hover {
      background-color: $nhsuk-secondary-button-hover-colour;

      &[disabled] {
        background-color: $nhsuk-secondary-button-colour;
      }
    }
  }

  .nhsuk-button--inverse {
    background-color: $nhsuk-inverse-button-colour;
    box-shadow: 0 $button-shadow-size 0 $nhsuk-inverse-button-shadow-colour;

    &,
    &:link,
    &:visited,
    &:active,
    &:hover {
      color: $nhsuk-inverse-button-text-colour;
    }

    &:hover {
      background-color: $nhsuk-inverse-button-hover-colour;

      &[disabled] {
        background-color: $nhsuk-inverse-button-colour;
      }
    }
  }
}
"
`;
